// Jest Snapshot v1, https://goo.gl/fbAQLP

exports[`<CountdownTimerButton /> matches snapshot 1`] = `
<Button
  onPress={[Function]}
  title="00:00"
/>
`;
